namespace HealthChecks.DocumentDb
{
    public class DocumentDbHealthCheck : Microsoft.Extensions.Diagnostics.HealthChecks.IHealthCheck
    {
        public DocumentDbHealthCheck(HealthChecks.DocumentDb.DocumentDbOptions documentDbOptions) { }
        public System.Threading.Tasks.Task<Microsoft.Extensions.Diagnostics.HealthChecks.HealthCheckResult> CheckHealthAsync(Microsoft.Extensions.Diagnostics.HealthChecks.HealthCheckContext context, System.Threading.CancellationToken cancellationToken = default) { }
    }
    public class DocumentDbOptions
    {
        public DocumentDbOptions() { }
        public string PrimaryKey { get; set; }
        public string UriEndpoint { get; set; }
    }
}
namespace Microsoft.Extensions.DependencyInjection
{
    public static class DocumentDbHealthCheckBuilderExtensions
    {
        public static Microsoft.Extensions.DependencyInjection.IHealthChecksBuilder AddDocumentDb(this Microsoft.Extensions.DependencyInjection.IHealthChecksBuilder builder, System.Action<HealthChecks.DocumentDb.DocumentDbOptions>? setup, string? name = null, Microsoft.Extensions.Diagnostics.HealthChecks.HealthStatus? failureStatus = default, System.Collections.Generic.IEnumerable<string>? tags = null, System.TimeSpan? timeout = default) { }
    }
}