namespace HealthChecks.InfluxDB
{
    public class InfluxDBHealthCheck : Microsoft.Extensions.Diagnostics.HealthChecks.IHealthCheck, System.IDisposable
    {
        public InfluxDBHealthCheck(InfluxDB.Client.InfluxDBClient influxDBClient) { }
        public InfluxDBHealthCheck(System.Func<InfluxDB.Client.InfluxDBClientOptions.Builder, InfluxDB.Client.InfluxDBClientOptions> _options) { }
        public System.Threading.Tasks.Task<Microsoft.Extensions.Diagnostics.HealthChecks.HealthCheckResult> CheckHealthAsync(Microsoft.Extensions.Diagnostics.HealthChecks.HealthCheckContext context, System.Threading.CancellationToken cancellationToken = default) { }
        public void Dispose() { }
    }
}
namespace Microsoft.Extensions.DependencyInjection
{
    public static class InfluxDBHealthCheckBuilderExtensions
    {
        public static Microsoft.Extensions.DependencyInjection.IHealthChecksBuilder AddInfluxDB(this Microsoft.Extensions.DependencyInjection.IHealthChecksBuilder builder, string? name = null, Microsoft.Extensions.Diagnostics.HealthChecks.HealthStatus? failureStatus = default, System.Collections.Generic.IEnumerable<string>? tags = null, System.TimeSpan? timeout = default) { }
        public static Microsoft.Extensions.DependencyInjection.IHealthChecksBuilder AddInfluxDB(this Microsoft.Extensions.DependencyInjection.IHealthChecksBuilder builder, string connectionString, string? name = null, Microsoft.Extensions.Diagnostics.HealthChecks.HealthStatus? failureStatus = default, System.Collections.Generic.IEnumerable<string>? tags = null, System.TimeSpan? timeout = default) { }
        public static Microsoft.Extensions.DependencyInjection.IHealthChecksBuilder AddInfluxDB(this Microsoft.Extensions.DependencyInjection.IHealthChecksBuilder builder, System.Uri uri, string? name = null, Microsoft.Extensions.Diagnostics.HealthChecks.HealthStatus? failureStatus = default, System.Collections.Generic.IEnumerable<string>? tags = null, System.TimeSpan? timeout = default) { }
        public static Microsoft.Extensions.DependencyInjection.IHealthChecksBuilder AddInfluxDB(this Microsoft.Extensions.DependencyInjection.IHealthChecksBuilder builder, string url, string token, string? name = null, Microsoft.Extensions.Diagnostics.HealthChecks.HealthStatus? failureStatus = default, System.Collections.Generic.IEnumerable<string>? tags = null, System.TimeSpan? timeout = default) { }
        public static Microsoft.Extensions.DependencyInjection.IHealthChecksBuilder AddInfluxDB(this Microsoft.Extensions.DependencyInjection.IHealthChecksBuilder builder, string url, string username, string password, string? name = null, Microsoft.Extensions.Diagnostics.HealthChecks.HealthStatus? failureStatus = default, System.Collections.Generic.IEnumerable<string>? tags = null, System.TimeSpan? timeout = default) { }
    }
}