namespace HealthChecks.Aws.Sns
{
    public class SnsOptions
    {
        public SnsOptions() { }
        public Amazon.Runtime.AWSCredentials? Credentials { get; set; }
        public Amazon.RegionEndpoint? RegionEndpoint { get; set; }
        public HealthChecks.Aws.Sns.SnsOptions AddTopicAndSubscriptions(string topicName, System.Collections.Generic.IEnumerable<string>? subscriptions = null) { }
    }
    public class SnsTopicAndSubscriptionHealthCheck : Microsoft.Extensions.Diagnostics.HealthChecks.IHealthCheck
    {
        public SnsTopicAndSubscriptionHealthCheck(HealthChecks.Aws.Sns.SnsOptions snsOptions) { }
        public System.Threading.Tasks.Task<Microsoft.Extensions.Diagnostics.HealthChecks.HealthCheckResult> CheckHealthAsync(Microsoft.Extensions.Diagnostics.HealthChecks.HealthCheckContext context, System.Threading.CancellationToken cancellationToken = default) { }
    }
}
namespace Microsoft.Extensions.DependencyInjection
{
    public static class SnsHealthCheckBuilderExtensions
    {
        public static Microsoft.Extensions.DependencyInjection.IHealthChecksBuilder AddSnsTopicsAndSubscriptions(this Microsoft.Extensions.DependencyInjection.IHealthChecksBuilder builder, System.Action<HealthChecks.Aws.Sns.SnsOptions>? setup, string? name = null, Microsoft.Extensions.Diagnostics.HealthChecks.HealthStatus? failureStatus = default, System.Collections.Generic.IEnumerable<string>? tags = null, System.TimeSpan? timeout = default) { }
    }
}