namespace HealthChecks.IdSvr
{
    public class IdSvrHealthCheck : Microsoft.Extensions.Diagnostics.HealthChecks.IHealthCheck
    {
        public IdSvrHealthCheck(System.Func<System.Net.Http.HttpClient> httpClientFactory) { }
        public System.Threading.Tasks.Task<Microsoft.Extensions.Diagnostics.HealthChecks.HealthCheckResult> CheckHealthAsync(Microsoft.Extensions.Diagnostics.HealthChecks.HealthCheckContext context, System.Threading.CancellationToken cancellationToken = default) { }
    }
}
namespace Microsoft.Extensions.DependencyInjection
{
    public static class IdSvrHealthCheckBuilderExtensions
    {
        public static Microsoft.Extensions.DependencyInjection.IHealthChecksBuilder AddIdentityServer(this Microsoft.Extensions.DependencyInjection.IHealthChecksBuilder builder, System.Uri idSvrUri, string? name = null, Microsoft.Extensions.Diagnostics.HealthChecks.HealthStatus? failureStatus = default, System.Collections.Generic.IEnumerable<string>? tags = null, System.TimeSpan? timeout = default) { }
    }
}