namespace HealthChecks.NpgSql
{
    public class NpgSqlHealthCheck : Microsoft.Extensions.Diagnostics.HealthChecks.IHealthCheck
    {
        public NpgSqlHealthCheck(string npgsqlConnectionString, string sql, System.Action<Npgsql.NpgsqlConnection>? connectionAction = null) { }
        public System.Threading.Tasks.Task<Microsoft.Extensions.Diagnostics.HealthChecks.HealthCheckResult> CheckHealthAsync(Microsoft.Extensions.Diagnostics.HealthChecks.HealthCheckContext context, System.Threading.CancellationToken cancellationToken = default) { }
    }
}
namespace Microsoft.Extensions.DependencyInjection
{
    public static class NpgSqlHealthCheckBuilderExtensions
    {
        public static Microsoft.Extensions.DependencyInjection.IHealthChecksBuilder AddNpgSql(this Microsoft.Extensions.DependencyInjection.IHealthChecksBuilder builder, System.Func<System.IServiceProvider, string> connectionStringFactory, string healthQuery = "SELECT 1;", System.Action<Npgsql.NpgsqlConnection>? connectionAction = null, string? name = null, Microsoft.Extensions.Diagnostics.HealthChecks.HealthStatus? failureStatus = default, System.Collections.Generic.IEnumerable<string>? tags = null, System.TimeSpan? timeout = default) { }
        public static Microsoft.Extensions.DependencyInjection.IHealthChecksBuilder AddNpgSql(this Microsoft.Extensions.DependencyInjection.IHealthChecksBuilder builder, string npgsqlConnectionString, string healthQuery = "SELECT 1;", System.Action<Npgsql.NpgsqlConnection>? connectionAction = null, string? name = null, Microsoft.Extensions.Diagnostics.HealthChecks.HealthStatus? failureStatus = default, System.Collections.Generic.IEnumerable<string>? tags = null, System.TimeSpan? timeout = default) { }
    }
}