namespace HealthChecks.RavenDB
{
    public class RavenDBHealthCheck : Microsoft.Extensions.Diagnostics.HealthChecks.IHealthCheck
    {
        public RavenDBHealthCheck(HealthChecks.RavenDB.RavenDBOptions options) { }
        public System.Threading.Tasks.Task<Microsoft.Extensions.Diagnostics.HealthChecks.HealthCheckResult> CheckHealthAsync(Microsoft.Extensions.Diagnostics.HealthChecks.HealthCheckContext context, System.Threading.CancellationToken cancellationToken = default) { }
    }
    public class RavenDBOptions
    {
        public RavenDBOptions() { }
        public System.Security.Cryptography.X509Certificates.X509Certificate2? Certificate { get; set; }
        public string? Database { get; set; }
        public string[] Urls { get; set; }
    }
}
namespace Microsoft.Extensions.DependencyInjection
{
    public static class RavenDBHealthCheckBuilderExtensions
    {
        public static Microsoft.Extensions.DependencyInjection.IHealthChecksBuilder AddRavenDB(this Microsoft.Extensions.DependencyInjection.IHealthChecksBuilder builder, System.Action<HealthChecks.RavenDB.RavenDBOptions>? setup, string? name = null, Microsoft.Extensions.Diagnostics.HealthChecks.HealthStatus? failureStatus = default, System.Collections.Generic.IEnumerable<string>? tags = null, System.TimeSpan? timeout = default) { }
    }
}