namespace HealthChecks.Aws.SecretsManager
{
    public class SecretsManagerHealthCheck : Microsoft.Extensions.Diagnostics.HealthChecks.IHealthCheck
    {
        public SecretsManagerHealthCheck(HealthChecks.Aws.SecretsManager.SecretsManagerOptions secretsManagerOptions) { }
        public System.Threading.Tasks.Task<Microsoft.Extensions.Diagnostics.HealthChecks.HealthCheckResult> CheckHealthAsync(Microsoft.Extensions.Diagnostics.HealthChecks.HealthCheckContext context, System.Threading.CancellationToken cancellationToken = default) { }
    }
    public class SecretsManagerOptions
    {
        public SecretsManagerOptions() { }
        public Amazon.Runtime.AWSCredentials? Credentials { get; set; }
        public Amazon.RegionEndpoint? RegionEndpoint { get; set; }
        public HealthChecks.Aws.SecretsManager.SecretsManagerOptions AddSecret(string secretName) { }
    }
}
namespace Microsoft.Extensions.DependencyInjection
{
    public static class SecretsManagerHealthCheckBuilderExtensions
    {
        public static Microsoft.Extensions.DependencyInjection.IHealthChecksBuilder AddSecretsManager(this Microsoft.Extensions.DependencyInjection.IHealthChecksBuilder builder, System.Action<HealthChecks.Aws.SecretsManager.SecretsManagerOptions>? setup, string? name = null, Microsoft.Extensions.Diagnostics.HealthChecks.HealthStatus? failureStatus = default, System.Collections.Generic.IEnumerable<string>? tags = null, System.TimeSpan? timeout = default) { }
    }
}