namespace HealthChecks.Solr
{
    public class SolrHealthCheck : Microsoft.Extensions.Diagnostics.HealthChecks.IHealthCheck
    {
        public SolrHealthCheck(HealthChecks.Solr.SolrOptions options) { }
        public System.Threading.Tasks.Task<Microsoft.Extensions.Diagnostics.HealthChecks.HealthCheckResult> CheckHealthAsync(Microsoft.Extensions.Diagnostics.HealthChecks.HealthCheckContext context, System.Threading.CancellationToken cancellationToken = default) { }
    }
    public class SolrOptions
    {
        public SolrOptions() { }
        public string Core { get; }
        public System.TimeSpan Timeout { get; }
        public string Uri { get; }
        public HealthChecks.Solr.SolrOptions UseServer(string uri, string core, System.TimeSpan? timeout) { }
    }
}
namespace Microsoft.Extensions.DependencyInjection
{
    public static class SolrHealthCheckBuilderExtensions
    {
        public static Microsoft.Extensions.DependencyInjection.IHealthChecksBuilder AddSolr(this Microsoft.Extensions.DependencyInjection.IHealthChecksBuilder builder, System.Action<HealthChecks.Solr.SolrOptions>? setup, string? name = null, Microsoft.Extensions.Diagnostics.HealthChecks.HealthStatus? failureStatus = default, System.Collections.Generic.IEnumerable<string>? tags = null, System.TimeSpan? timeout = default) { }
        public static Microsoft.Extensions.DependencyInjection.IHealthChecksBuilder AddSolr(this Microsoft.Extensions.DependencyInjection.IHealthChecksBuilder builder, string solrUri, string solrCore, string? name = null, Microsoft.Extensions.Diagnostics.HealthChecks.HealthStatus? failureStatus = default, System.Collections.Generic.IEnumerable<string>? tags = null, System.TimeSpan? timeout = default) { }
    }
}